
<--- Last few GCs --->

[55105:0x130008000]    26628 ms: Mark-Compact 4052.5 (4142.4) -> 4037.0 (4143.1) MB, pooled: 0 MB, 696.46 / 0.00 ms  (average mu = 0.133, current mu = 0.044) allocation failure; scavenge might not succeed
[55105:0x130008000]    28874 ms: Mark-Compact 4053.7 (4143.6) -> 4039.0 (4144.6) MB, pooled: 0 MB, 2209.46 / 0.00 ms  (average mu = 0.046, current mu = 0.016) allocation failure; scavenge might not succeed


<--- JS stacktrace --->

FATAL ERROR: Reached heap limit Allocation failed - JavaScript heap out of memory
----- Native stack trace -----

 1: 0x10589cd24 node::OOMErrorHandler(char const*, v8::OOMDetails const&) [/opt/homebrew/Cellar/node@22/22.22.1_1/lib/libnode.127.dylib]
 2: 0x105a95948 v8::internal::V8::FatalProcessOutOfMemory(v8::internal::Isolate*, char const*, v8::OOMDetails const&) [/opt/homebrew/Cellar/node@22/22.22.1_1/lib/libnode.127.dylib]
 3: 0x105c32de4 v8::internal::Heap::CallGCPrologueCallbacks(v8::GCType, v8::GCCallbackFlags, v8::internal::GCTracer::Scope::ScopeId) [/opt/homebrew/Cellar/node@22/22.22.1_1/lib/libnode.127.dylib]
 4: 0x105c30afc v8::internal::Heap::CollectGarbage(v8::internal::AllocationSpace, v8::internal::GarbageCollectionReason, v8::GCCallbackFlags) [/opt/homebrew/Cellar/node@22/22.22.1_1/lib/libnode.127.dylib]
 5: 0x105c29658 v8::internal::HeapAllocator::AllocateRawWithRetryOrFailSlowPath(int, v8::internal::AllocationType, v8::internal::AllocationOrigin, v8::internal::AllocationAlignment) [/opt/homebrew/Cellar/node@22/22.22.1_1/lib/libnode.127.dylib]
 6: 0x105c1c894 v8::internal::Factory::NewFillerObject(int, v8::internal::AllocationAlignment, v8::internal::AllocationType, v8::internal::AllocationOrigin) [/opt/homebrew/Cellar/node@22/22.22.1_1/lib/libnode.127.dylib]
 7: 0x105eb0d6c v8::internal::Runtime_AllocateInYoungGeneration(int, unsigned long*, v8::internal::Isolate*) [/opt/homebrew/Cellar/node@22/22.22.1_1/lib/libnode.127.dylib]
 8: 0x105691af4 Builtins_CEntry_Return1_ArgvOnStack_NoBuiltinExit [/opt/homebrew/Cellar/node@22/22.22.1_1/lib/libnode.127.dylib]
 9: 0x10cadb1dc 
10: 0x10caaa8e8 
11: 0x10c9acefc 
12: 0x10c9d4d98 
13: 0x10ca90064 
14: 0x10c866aa0 
15: 0x10c85626c 
16: 0x10cb27be0 
17: 0x10c9b17d4 
18: 0x10c9d4f68 
19: 0x10ca90064 
20: 0x10cbd3e48 
21: 0x10c9abb38 
22: 0x10c9d4d98 
23: 0x10ca90064 
24: 0x10c866aa0 
25: 0x10c85626c 
26: 0x10cb27be0 
27: 0x10c9b17d4 
28: 0x10c9d4f68 
29: 0x10ca90064 
30: 0x10caa9814 
31: 0x10c9acefc 
32: 0x10c9d4d98 
33: 0x10ca90064 
34: 0x10cbd3e48 
35: 0x10c99b950 
36: 0x10c9d52a0 
37: 0x10ca90064 
38: 0x10cbd3e48 
39: 0x10c99b950 
40: 0x10c9d52a0 
41: 0x10ca90064 
42: 0x10c86f208 
43: 0x10c312c14 
44: 0x10c312f44 
45: 0x10ca65d38 
46: 0x10ca6ad4c 
47: 0x10c9cfc28 
48: 0x10c9b57a4 
49: 0x10be9c3cc 
50: 0x10cbcf500 
51: 0x10cbe9684 
52: 0x10c875ecc 
53: 0x10be956dc 
54: 0x10cbe96d8 
55: 0x10be954b8 
56: 0x10c86a26c 
57: 0x10be956dc 
58: 0x10cbe96d8 
59: 0x10c875df0 
60: 0x10be956dc 
61: 0x10cbe96d8 
62: 0x10c30f158 
63: 0x10cbe497c 
64: 0x10c9705d8 
65: 0x10c317eb8 
66: 0x10c30f894 
67: 0x10c9cf9b4 
68: 0x10ca09788 
69: 0x10be969bc 
70: 0x10bea062c 
71: 0x10ca72d2c 
72: 0x10c9f8824 
73: 0x10ca24170 
74: 0x10c9cfb4c 
75: 0x10cc32a04 
76: 0x10c9cfbf0 
77: 0x10cab207c 
78: 0x10bea520c 
79: 0x10bea6a4c 
80: 0x10c2119f0 
81: 0x10ca0e80c 
82: 0x10c866330 
83: 0x10bea270c 
84: 0x10c30abbc 
85: 0x10cb8e9a8 
86: 0x10ca12cc0 
87: 0x10bed8828 
88: 0x10c30ae98 
89: 0x10c30b01c 
90: 0x10cb8e750 
91: 0x10ca12cc0 
92: 0x10bed8954 
93: 0x10cb201b8 
94: 0x10caa63ec 
95: 0x10caa6678 
96: 0x10caa5db8 
97: 0x10caa67bc 
98: 0x10c1aef3c 
99: 0x10c1b00c0 
100: 0x10c1af5e8 
101: 0x10c1af8b4 
102: 0x10c1afb1c 
103: 0x10c1afcb8 
104: 0x10c075fb0 
105: 0x10bdc8b98 
106: 0x1055fcef0 Builtins_InterpreterEntryTrampoline [/opt/homebrew/Cellar/node@22/22.22.1_1/lib/libnode.127.dylib]
107: 0x1055fcef0 Builtins_InterpreterEntryTrampoline [/opt/homebrew/Cellar/node@22/22.22.1_1/lib/libnode.127.dylib]
108: 0x1055fcef0 Builtins_InterpreterEntryTrampoline [/opt/homebrew/Cellar/node@22/22.22.1_1/lib/libnode.127.dylib]
109: 0x1055fcef0 Builtins_InterpreterEntryTrampoline [/opt/homebrew/Cellar/node@22/22.22.1_1/lib/libnode.127.dylib]
110: 0x1055fcef0 Builtins_InterpreterEntryTrampoline [/opt/homebrew/Cellar/node@22/22.22.1_1/lib/libnode.127.dylib]
111: 0x1055fcef0 Builtins_InterpreterEntryTrampoline [/opt/homebrew/Cellar/node@22/22.22.1_1/lib/libnode.127.dylib]
112: 0x1055fcef0 Builtins_InterpreterEntryTrampoline [/opt/homebrew/Cellar/node@22/22.22.1_1/lib/libnode.127.dylib]
113: 0x1055fcef0 Builtins_InterpreterEntryTrampoline [/opt/homebrew/Cellar/node@22/22.22.1_1/lib/libnode.127.dylib]
114: 0x1055fcef0 Builtins_InterpreterEntryTrampoline [/opt/homebrew/Cellar/node@22/22.22.1_1/lib/libnode.127.dylib]
115: 0x1055fcef0 Builtins_InterpreterEntryTrampoline [/opt/homebrew/Cellar/node@22/22.22.1_1/lib/libnode.127.dylib]
116: 0x1055fcef0 Builtins_InterpreterEntryTrampoline [/opt/homebrew/Cellar/node@22/22.22.1_1/lib/libnode.127.dylib]
117: 0x1055fcef0 Builtins_InterpreterEntryTrampoline [/opt/homebrew/Cellar/node@22/22.22.1_1/lib/libnode.127.dylib]
118: 0x1055fcef0 Builtins_InterpreterEntryTrampoline [/opt/homebrew/Cellar/node@22/22.22.1_1/lib/libnode.127.dylib]
119: 0x1055fcef0 Builtins_InterpreterEntryTrampoline [/opt/homebrew/Cellar/node@22/22.22.1_1/lib/libnode.127.dylib]
120: 0x1055fcef0 Builtins_InterpreterEntryTrampoline [/opt/homebrew/Cellar/node@22/22.22.1_1/lib/libnode.127.dylib]
121: 0x1055fcef0 Builtins_InterpreterEntryTrampoline [/opt/homebrew/Cellar/node@22/22.22.1_1/lib/libnode.127.dylib]
122: 0x1055fcef0 Builtins_InterpreterEntryTrampoline [/opt/homebrew/Cellar/node@22/22.22.1_1/lib/libnode.127.dylib]
123: 0x1055fcef0 Builtins_InterpreterEntryTrampoline [/opt/homebrew/Cellar/node@22/22.22.1_1/lib/libnode.127.dylib]
124: 0x1055fcef0 Builtins_InterpreterEntryTrampoline [/opt/homebrew/Cellar/node@22/22.22.1_1/lib/libnode.127.dylib]
125: 0x1055fcef0 Builtins_InterpreterEntryTrampoline [/opt/homebrew/Cellar/node@22/22.22.1_1/lib/libnode.127.dylib]
126: 0x1055fcef0 Builtins_InterpreterEntryTrampoline [/opt/homebrew/Cellar/node@22/22.22.1_1/lib/libnode.127.dylib]
127: 0x1055fcef0 Builtins_InterpreterEntryTrampoline [/opt/homebrew/Cellar/node@22/22.22.1_1/lib/libnode.127.dylib]
128: 0x1055fcef0 Builtins_InterpreterEntryTrampoline [/opt/homebrew/Cellar/node@22/22.22.1_1/lib/libnode.127.dylib]
129: 0x1055fcef0 Builtins_InterpreterEntryTrampoline [/opt/homebrew/Cellar/node@22/22.22.1_1/lib/libnode.127.dylib]
130: 0x1055fcef0 Builtins_InterpreterEntryTrampoline [/opt/homebrew/Cellar/node@22/22.22.1_1/lib/libnode.127.dylib]
131: 0x1055fcef0 Builtins_InterpreterEntryTrampoline [/opt/homebrew/Cellar/node@22/22.22.1_1/lib/libnode.127.dylib]
132: 0x1055fcef0 Builtins_InterpreterEntryTrampoline [/opt/homebrew/Cellar/node@22/22.22.1_1/lib/libnode.127.dylib]
133: 0x1055fcef0 Builtins_InterpreterEntryTrampoline [/opt/homebrew/Cellar/node@22/22.22.1_1/lib/libnode.127.dylib]
134: 0x1055fcef0 Builtins_InterpreterEntryTrampoline [/opt/homebrew/Cellar/node@22/22.22.1_1/lib/libnode.127.dylib]
135: 0x1055fcef0 Builtins_InterpreterEntryTrampoline [/opt/homebrew/Cellar/node@22/22.22.1_1/lib/libnode.127.dylib]
136: 0x1055fcef0 Builtins_InterpreterEntryTrampoline [/opt/homebrew/Cellar/node@22/22.22.1_1/lib/libnode.127.dylib]
137: 0x1055fcef0 Builtins_InterpreterEntryTrampoline [/opt/homebrew/Cellar/node@22/22.22.1_1/lib/libnode.127.dylib]
138: 0x1055fcef0 Builtins_InterpreterEntryTrampoline [/opt/homebrew/Cellar/node@22/22.22.1_1/lib/libnode.127.dylib]
139: 0x1055fcef0 Builtins_InterpreterEntryTrampoline [/opt/homebrew/Cellar/node@22/22.22.1_1/lib/libnode.127.dylib]
140: 0x1055fac0c Builtins_JSEntryTrampoline [/opt/homebrew/Cellar/node@22/22.22.1_1/lib/libnode.127.dylib]
141: 0x1055fa8f4 Builtins_JSEntry [/opt/homebrew/Cellar/node@22/22.22.1_1/lib/libnode.127.dylib]
142: 0x105baf064 v8::internal::(anonymous namespace)::Invoke(v8::internal::Isolate*, v8::internal::(anonymous namespace)::InvokeParams const&) [/opt/homebrew/Cellar/node@22/22.22.1_1/lib/libnode.127.dylib]
143: 0x105bae9c0 v8::internal::Execution::Call(v8::internal::Isolate*, v8::internal::Handle<v8::internal::Object>, v8::internal::Handle<v8::internal::Object>, int, v8::internal::Handle<v8::internal::Object>*) [/opt/homebrew/Cellar/node@22/22.22.1_1/lib/libnode.127.dylib]
144: 0x105aab6a0 v8::Function::Call(v8::Local<v8::Context>, v8::Local<v8::Value>, int, v8::Local<v8::Value>*) [/opt/homebrew/Cellar/node@22/22.22.1_1/lib/libnode.127.dylib]
145: 0x1058796ec node::builtins::BuiltinLoader::CompileAndCall(v8::Local<v8::Context>, char const*, node::Realm*) [/opt/homebrew/Cellar/node@22/22.22.1_1/lib/libnode.127.dylib]
146: 0x105917130 node::Realm::ExecuteBootstrapper(char const*) [/opt/homebrew/Cellar/node@22/22.22.1_1/lib/libnode.127.dylib]
147: 0x10585861c node::StartExecution(node::Environment*, char const*) [/opt/homebrew/Cellar/node@22/22.22.1_1/lib/libnode.127.dylib]
148: 0x1058585a4 node::StartExecution(node::Environment*, std::__1::function<v8::MaybeLocal<v8::Value> (node::StartExecutionCallbackInfo const&)>) [/opt/homebrew/Cellar/node@22/22.22.1_1/lib/libnode.127.dylib]
149: 0x1057bcf30 node::LoadEnvironment(node::Environment*, std::__1::function<v8::MaybeLocal<v8::Value> (node::StartExecutionCallbackInfo const&)>, std::__1::function<void (node::Environment*, v8::Local<v8::Value>, v8::Local<v8::Value>)>) [/opt/homebrew/Cellar/node@22/22.22.1_1/lib/libnode.127.dylib]
150: 0x1058e3f14 node::NodeMainInstance::Run(node::ExitCode*, node::Environment*) [/opt/homebrew/Cellar/node@22/22.22.1_1/lib/libnode.127.dylib]
151: 0x1058e3cb8 node::NodeMainInstance::Run() [/opt/homebrew/Cellar/node@22/22.22.1_1/lib/libnode.127.dylib]
152: 0x10585d134 node::Start(int, char**) [/opt/homebrew/Cellar/node@22/22.22.1_1/lib/libnode.127.dylib]
153: 0x18efb6b98 start [/usr/lib/dyld]
Exit code: 134
